// Jest Snapshot v1, https://goo.gl/fbAQLP

exports[`LayoutContainer snapshot 1`] = `
<div>
  <div>
    <div>
      Content
    </div>
  </div>
</div>
`;
