// Jest Snapshot v1, https://goo.gl/fbAQLP

exports[`Episode component  snapshot 1`] = `
<div>
  <div>
    <div>
      <p />
      <div />
      <audio
        controls=""
      >
        <source
          type="audio/mpeg"
        />
      </audio>
    </div>
  </div>
</div>
`;
