// Jest Snapshot v1, https://goo.gl/fbAQLP

exports[`SearchBar component  snapshot 1`] = `
<div>
  <div>
    <p>
      0
    </p>
    <input
      placeholder="Filter podcasts..."
      type="text"
      value=""
    />
  </div>
</div>
`;
