// Jest Snapshot v1, https://goo.gl/fbAQLP

exports[`Header component snapshot 1`] = `
<div>
  <header>
    <div>
      <a
        href="/"
      >
        Podcaster
      </a>
    </div>
    <div />
  </header>
</div>
`;
